1111111111111111111111111111111111111111111111111111
1P  D     D   1        3                           1
1   2  b  2   1   z    D                           8
12222     22222   z    3                           1
1   2     2   1   z    33333333344444444444444444444
1   D  b  D h 1   z    3       3                   1
1   2     2   1   z    3       3                   1
12222     22222   z    3       3                   1
1            s1   z    311111333                   1
1 z    b      D   z    7  ss1                      1
1             1        3  hh1                      1
12222222222222244444444311111                      1
1                                                  1
1                                                  1
1                                                  1
1                                                  1
1                                                  1
1                                                  1
1                                                  1
1                                                  1
1                                                  1
1                                                  1
1                                                  1
1                                                  1
1                                                  1
1                                                  1
1111111111111111111111111111111111111111111111111111
