1111111111111111111111114444444441111111111111111111
1 P D     D  s1        4    a    4                 1
1   2  b  2   1   z    D    b   a4                 1
12222     22222   z    4         4                 1
1   2     2   1   z    4         4                 1
1   D  b  D   1   z    4444 b   a4                 1
1  h2     2   1   z    7ss6      4                 1
12222     22222   z    4444      4                 1
1             1   z    4         4                 1
1 z    b      D   z    4    b   a4                 1
1             1        4    a    4                 1
122222222222222        44444644444                 1
1                                1                 1
6                                1                 1
1                                1                 1
1111111111111111111111111111111111                 1
1                                                  1
1                                                  1
1                                                  1
1                                                  1
1                                                  1
1                                                  1
1                                                  1
1                                                  1
1                                                  1
1                                                  1
1111111111111111111111111111111111111111111111111111
