1111111111111111111111111111111111111111111111111111
1P  D     D   1        3                           1
1   2  b  2   1   z    D                           1
12222     22222   z    3                           1
1   2     2   1   z    3                           1
1   D  b  D   1   z    3                           1
1   2     2   1   z    3                           1
12222     22222   z    3                           1
1             1   z    3                           1
1 z    b      D   z    3                           1
1             1        3                           1
122222222222222        3                           1
1                                                  1
1                                                  1
1                                                  1
1                                                  1
1                                                  1
1                                                  1
1                                                  1
1                                                  1
1                                                  1
1                                                  1
1                                                  1
1                                                  1
1                                                  1
1                                                  1
1111111111111111111111111111111111111111111111111111
